#
# There is insufficient memory for the Java Runtime Environment to continue.
# Native memory allocation (malloc) failed to allocate 1653360 bytes. Error detail: Chunk::new
# Possible reasons:
#   The system is out of physical RAM or swap space
#   This process is running with CompressedOops enabled, and the Java Heap may be blocking the growth of the native heap
# Possible solutions:
#   Reduce memory load on the system
#   Increase physical memory or swap space
#   Check if swap backing store is full
#   Decrease Java heap size (-Xmx/-Xms)
#   Decrease number of Java threads
#   Decrease Java thread stack sizes (-Xss)
#   Set larger code cache with -XX:ReservedCodeCacheSize=
#   JVM is running with Unscaled Compressed Oops mode in which the Java heap is
#     placed in the first 4GB address space. The Java Heap base address is the
#     maximum limit for the native heap growth. Please use -XX:HeapBaseMinAddress
#     to set the Java Heap base and to place the Java Heap above 4GB virtual address.
# This output file may be truncated or incomplete.
#
#  Out of Memory Error (arena.cpp:168), pid=27316, tid=37308
#
# JRE version: OpenJDK Runtime Environment (21.0.8) (build 21.0.8+-14196175-b1038.72)
# Java VM: OpenJDK 64-Bit Server VM (21.0.8+-14196175-b1038.72, mixed mode, tiered, compressed oops, compressed class ptrs, g1 gc, windows-amd64)
# No core dump will be written. Minidumps are not enabled by default on client versions of Windows
#

---------------  S U M M A R Y ------------

Command Line: --add-opens=java.base/java.lang=ALL-UNNAMED --add-opens=java.base/java.lang.invoke=ALL-UNNAMED --add-opens=java.base/java.util=ALL-UNNAMED --add-opens=java.prefs/java.util.prefs=ALL-UNNAMED --add-exports=jdk.compiler/com.sun.tools.javac.api=ALL-UNNAMED --add-exports=jdk.compiler/com.sun.tools.javac.util=ALL-UNNAMED --add-opens=java.base/java.util=ALL-UNNAMED --add-opens=java.prefs/java.util.prefs=ALL-UNNAMED --add-opens=java.base/java.nio.charset=ALL-UNNAMED --add-opens=java.base/java.net=ALL-UNNAMED --add-opens=java.base/java.util.concurrent.atomic=ALL-UNNAMED --add-opens=java.xml/javax.xml.namespace=ALL-UNNAMED -Xmx2048m -Dfile.encoding=UTF-8 -Duser.country=US -Duser.language=en -Duser.variant -javaagent:C:\Users\carvi\.gradle\wrapper\dists\gradle-8.13-bin\5xuhj0ry160q40clulazy9h7d\gradle-8.13\lib\agents\gradle-instrumentation-agent-8.13.jar org.gradle.launcher.daemon.bootstrap.GradleDaemon 8.13

Host: 12th Gen Intel(R) Core(TM) i7-12700KF, 20 cores, 31G,  Windows 11 , 64 bit Build 26100 (10.0.26100.7019)
Time: Sun Nov 23 23:29:29 2025 Eastern Standard Time elapsed time: 11.438613 seconds (0d 0h 0m 11s)

---------------  T H R E A D  ---------------

Current thread (0x00000174f88f0c10):  JavaThread "C2 CompilerThread2" daemon [_thread_in_native, id=37308, stack(0x0000001173900000,0x0000001173a00000) (1024K)]


Current CompileTask:
C2:11438 6725   !   4       java.net.URLClassLoader::findClass (47 bytes)

Stack: [0x0000001173900000,0x0000001173a00000]
Native frames: (J=compiled Java code, j=interpreted, Vv=VM code, C=native code)
V  [jvm.dll+0x6d68d9]
V  [jvm.dll+0x866693]
V  [jvm.dll+0x868c4e]
V  [jvm.dll+0x869333]
V  [jvm.dll+0x280566]
V  [jvm.dll+0xc07cd]
V  [jvm.dll+0xc0d03]
V  [jvm.dll+0x3b961b]
V  [jvm.dll+0x385507]
V  [jvm.dll+0x38497a]
V  [jvm.dll+0x249252]
V  [jvm.dll+0x248821]
V  [jvm.dll+0x1c73a4]
V  [jvm.dll+0x257f9e]
V  [jvm.dll+0x2564e6]
V  [jvm.dll+0x3f4696]
V  [jvm.dll+0x80eac8]
V  [jvm.dll+0x6d512d]
C  [ucrtbase.dll+0x37b0]
C  [KERNEL32.DLL+0x2e8d7]
C  [ntdll.dll+0x8c53c]


---------------  P R O C E S S  ---------------

Threads class SMR info:
_java_thread_list=0x00000174fe5512b0, length=59, elements={
0x00000174dd376170, 0x00000174f8257910, 0x00000174f825b920, 0x00000174f826e6e0,
0x00000174f826fbe0, 0x00000174f825c770, 0x00000174f825d1d0, 0x00000174f8293550,
0x00000174f8296840, 0x00000174f82a7420, 0x00000174f83f40b0, 0x00000174f8591270,
0x00000174f8292830, 0x00000174f82921a0, 0x00000174f8291480, 0x00000174f8292ec0,
0x00000174f8294270, 0x00000174f8294900, 0x00000174f8291b10, 0x00000174fe4ce4b0,
0x00000174fe4cd790, 0x00000174fe4ceb40, 0x00000174fe4cf1d0, 0x00000174fe4cde20,
0x00000174fe4cca70, 0x00000174fe4cd100, 0x00000174fe4cc3e0, 0x00000174810ba260,
0x00000174810b8190, 0x00000174810b8820, 0x00000174810b9bd0, 0x00000174810b8eb0,
0x00000174810ba8f0, 0x00000174810bc9c0, 0x00000174810bbca0, 0x00000174810b9540,
0x00000174810bd050, 0x00000174810baf80, 0x00000174810bea90, 0x00000174810bb610,
0x00000174810bd6e0, 0x00000174810bdd70, 0x00000174810bf120, 0x00000174810bf7b0,
0x00000174fea0fca0, 0x00000174fea0d540, 0x00000174fea0ceb0, 0x00000174fea10330,
0x00000174fea0ef80, 0x00000174fea0f610, 0x00000174fea0dbd0, 0x00000174fea0e260,
0x00000174fea0e8f0, 0x00000174f8b10680, 0x00000174f8b120c0, 0x00000174f8b12750,
0x00000174f8b10d10, 0x00000174f88f0540, 0x00000174f88f0c10
}

Java Threads: ( => current thread )
  0x00000174dd376170 JavaThread "main"                              [_thread_blocked, id=35144, stack(0x000000116e600000,0x000000116e700000) (1024K)]
  0x00000174f8257910 JavaThread "Common-Cleaner"             daemon [_thread_blocked, id=30792, stack(0x000000116ee00000,0x000000116ef00000) (1024K)]
  0x00000174f825b920 JavaThread "Reference Handler"          daemon [_thread_blocked, id=37672, stack(0x000000116ef00000,0x000000116f000000) (1024K)]
  0x00000174f826e6e0 JavaThread "Finalizer"                  daemon [_thread_blocked, id=36776, stack(0x000000116f000000,0x000000116f100000) (1024K)]
  0x00000174f826fbe0 JavaThread "Signal Dispatcher"          daemon [_thread_blocked, id=44008, stack(0x000000116f100000,0x000000116f200000) (1024K)]
  0x00000174f825c770 JavaThread "Attach Listener"            daemon [_thread_blocked, id=19652, stack(0x000000116f200000,0x000000116f300000) (1024K)]
  0x00000174f825d1d0 JavaThread "Service Thread"             daemon [_thread_blocked, id=43468, stack(0x000000116f300000,0x000000116f400000) (1024K)]
  0x00000174f8293550 JavaThread "Monitor Deflation Thread"   daemon [_thread_blocked, id=44672, stack(0x000000116f400000,0x000000116f500000) (1024K)]
  0x00000174f8296840 JavaThread "C2 CompilerThread0"         daemon [_thread_in_native, id=13156, stack(0x000000116f500000,0x000000116f600000) (1024K)]
  0x00000174f82a7420 JavaThread "C1 CompilerThread0"         daemon [_thread_blocked, id=32256, stack(0x000000116f600000,0x000000116f700000) (1024K)]
  0x00000174f83f40b0 JavaThread "C1 CompilerThread1"         daemon [_thread_blocked, id=19132, stack(0x000000116f700000,0x000000116f800000) (1024K)]
  0x00000174f8591270 JavaThread "C1 CompilerThread2"         daemon [_thread_blocked, id=34616, stack(0x000000116f800000,0x000000116f900000) (1024K)]
  0x00000174f8292830 JavaThread "Notification Thread"        daemon [_thread_blocked, id=36664, stack(0x000000116fa00000,0x000000116fb00000) (1024K)]
  0x00000174f82921a0 JavaThread "Daemon health stats"               [_thread_blocked, id=35668, stack(0x000000116fe00000,0x000000116ff00000) (1024K)]
  0x00000174f8291480 JavaThread "Incoming local TCP Connector on port 59056"        [_thread_in_native, id=18720, stack(0x000000116ff00000,0x0000001170000000) (1024K)]
  0x00000174f8292ec0 JavaThread "Daemon periodic checks"            [_thread_blocked, id=26752, stack(0x0000001170b00000,0x0000001170c00000) (1024K)]
  0x00000174f8294270 JavaThread "Daemon"                            [_thread_blocked, id=33176, stack(0x0000001170c00000,0x0000001170d00000) (1024K)]
  0x00000174f8294900 JavaThread "Handler for socket connection from /127.0.0.1:59056 to /127.0.0.1:59058"        [_thread_in_native, id=8456, stack(0x0000001170d00000,0x0000001170e00000) (1024K)]
  0x00000174f8291b10 JavaThread "Cancel handler"                    [_thread_blocked, id=32004, stack(0x0000001170e00000,0x0000001170f00000) (1024K)]
  0x00000174fe4ce4b0 JavaThread "Daemon worker"                     [_thread_in_vm, id=42000, stack(0x0000001170f00000,0x0000001171000000) (1024K)]
  0x00000174fe4cd790 JavaThread "Asynchronous log dispatcher for DefaultDaemonConnection: socket connection from /127.0.0.1:59056 to /127.0.0.1:59058"        [_thread_blocked, id=39100, stack(0x0000001171000000,0x0000001171100000) (1024K)]
  0x00000174fe4ceb40 JavaThread "Stdin handler"                     [_thread_blocked, id=42620, stack(0x0000001171100000,0x0000001171200000) (1024K)]
  0x00000174fe4cf1d0 JavaThread "Daemon client event forwarder"        [_thread_blocked, id=25112, stack(0x0000001171200000,0x0000001171300000) (1024K)]
  0x00000174fe4cde20 JavaThread "Cache worker for journal cache (C:\Users\carvi\.gradle\caches\journal-1)"        [_thread_blocked, id=41748, stack(0x0000001171900000,0x0000001171a00000) (1024K)]
  0x00000174fe4cca70 JavaThread "File lock request listener"        [_thread_in_native, id=40820, stack(0x0000001171a00000,0x0000001171b00000) (1024K)]
  0x00000174fe4cd100 JavaThread "Cache worker for file hash cache (C:\Users\carvi\.gradle\caches\8.13\fileHashes)"        [_thread_blocked, id=42824, stack(0x0000001171b00000,0x0000001171c00000) (1024K)]
  0x00000174fe4cc3e0 JavaThread "Cache worker for file hash cache (D:\DOCUMENTS\PROJECTS\Intu\intuv3\.gradle\8.13\fileHashes)"        [_thread_blocked, id=14964, stack(0x0000001171c00000,0x0000001171d00000) (1024K)]
  0x00000174810ba260 JavaThread "Cache worker for Build Output Cleanup Cache (D:\DOCUMENTS\PROJECTS\Intu\intuv3\.gradle\buildOutputCleanup)"        [_thread_blocked, id=36900, stack(0x0000001171d00000,0x0000001171e00000) (1024K)]
  0x00000174810b8190 JavaThread "File watcher server"        daemon [_thread_in_native, id=27472, stack(0x0000001171e00000,0x0000001171f00000) (1024K)]
  0x00000174810b8820 JavaThread "File watcher consumer"      daemon [_thread_blocked, id=23000, stack(0x0000001171f00000,0x0000001172000000) (1024K)]
  0x00000174810b9bd0 JavaThread "jar transforms"                    [_thread_blocked, id=36456, stack(0x0000001172000000,0x0000001172100000) (1024K)]
  0x00000174810b8eb0 JavaThread "jar transforms Thread 2"           [_thread_blocked, id=5200, stack(0x0000001172100000,0x0000001172200000) (1024K)]
  0x00000174810ba8f0 JavaThread "Cache worker for checksums cache (D:\DOCUMENTS\PROJECTS\Intu\intuv3\.gradle\8.13\checksums)"        [_thread_blocked, id=26296, stack(0x0000001172300000,0x0000001172400000) (1024K)]
  0x00000174810bc9c0 JavaThread "Cache worker for file content cache (C:\Users\carvi\.gradle\caches\8.13\fileContent)"        [_thread_blocked, id=13528, stack(0x0000001172400000,0x0000001172500000) (1024K)]
  0x00000174810bbca0 JavaThread "jar transforms Thread 3"           [_thread_blocked, id=42304, stack(0x0000001172500000,0x0000001172600000) (1024K)]
  0x00000174810b9540 JavaThread "Cache worker for cache directory md-supplier (C:\Users\carvi\.gradle\caches\8.13\md-supplier)"        [_thread_blocked, id=29940, stack(0x0000001172200000,0x0000001172300000) (1024K)]
  0x00000174810bd050 JavaThread "Cache worker for cache directory md-rule (C:\Users\carvi\.gradle\caches\8.13\md-rule)"        [_thread_blocked, id=31208, stack(0x0000001172600000,0x0000001172700000) (1024K)]
  0x00000174810baf80 JavaThread "Unconstrained build operations"        [_thread_blocked, id=32664, stack(0x000000116fb00000,0x000000116fc00000) (1024K)]
  0x00000174810bea90 JavaThread "Unconstrained build operations Thread 2"        [_thread_blocked, id=7716, stack(0x000000116fc00000,0x000000116fd00000) (1024K)]
  0x00000174810bb610 JavaThread "Unconstrained build operations Thread 3"        [_thread_blocked, id=33696, stack(0x000000116fd00000,0x000000116fe00000) (1024K)]
  0x00000174810bd6e0 JavaThread "Unconstrained build operations Thread 4"        [_thread_blocked, id=30660, stack(0x0000001172700000,0x0000001172800000) (1024K)]
  0x00000174810bdd70 JavaThread "Unconstrained build operations Thread 5"        [_thread_blocked, id=38360, stack(0x0000001172800000,0x0000001172900000) (1024K)]
  0x00000174810bf120 JavaThread "Unconstrained build operations Thread 6"        [_thread_blocked, id=40628, stack(0x0000001172900000,0x0000001172a00000) (1024K)]
  0x00000174810bf7b0 JavaThread "Unconstrained build operations Thread 7"        [_thread_blocked, id=8764, stack(0x0000001172a00000,0x0000001172b00000) (1024K)]
  0x00000174fea0fca0 JavaThread "Unconstrained build operations Thread 8"        [_thread_blocked, id=42364, stack(0x0000001172b00000,0x0000001172c00000) (1024K)]
  0x00000174fea0d540 JavaThread "Unconstrained build operations Thread 9"        [_thread_blocked, id=20308, stack(0x0000001172c00000,0x0000001172d00000) (1024K)]
  0x00000174fea0ceb0 JavaThread "Unconstrained build operations Thread 10"        [_thread_blocked, id=41296, stack(0x0000001172d00000,0x0000001172e00000) (1024K)]
  0x00000174fea10330 JavaThread "jar transforms Thread 4"           [_thread_blocked, id=38200, stack(0x0000001173000000,0x0000001173100000) (1024K)]
  0x00000174fea0ef80 JavaThread "jar transforms Thread 5"           [_thread_blocked, id=22968, stack(0x0000001172e00000,0x0000001172f00000) (1024K)]
  0x00000174fea0f610 JavaThread "Unconstrained build operations Thread 11"        [_thread_blocked, id=29692, stack(0x0000001172f00000,0x0000001173000000) (1024K)]
  0x00000174fea0dbd0 JavaThread "Unconstrained build operations Thread 12"        [_thread_blocked, id=6688, stack(0x0000001173100000,0x0000001173200000) (1024K)]
  0x00000174fea0e260 JavaThread "Unconstrained build operations Thread 13"        [_thread_blocked, id=33632, stack(0x0000001173200000,0x0000001173300000) (1024K)]
  0x00000174fea0e8f0 JavaThread "Unconstrained build operations Thread 14"        [_thread_blocked, id=31032, stack(0x0000001173300000,0x0000001173400000) (1024K)]
  0x00000174f8b10680 JavaThread "Unconstrained build operations Thread 15"        [_thread_blocked, id=39140, stack(0x0000001173400000,0x0000001173500000) (1024K)]
  0x00000174f8b120c0 JavaThread "jar transforms Thread 6"           [_thread_blocked, id=11920, stack(0x0000001173500000,0x0000001173600000) (1024K)]
  0x00000174f8b12750 JavaThread "jar transforms Thread 7"           [_thread_blocked, id=22724, stack(0x0000001173600000,0x0000001173700000) (1024K)]
  0x00000174f8b10d10 JavaThread "jar transforms Thread 8"           [_thread_blocked, id=41972, stack(0x0000001173700000,0x0000001173800000) (1024K)]
  0x00000174f88f0540 JavaThread "C2 CompilerThread1"         daemon [_thread_in_native, id=37748, stack(0x0000001173800000,0x0000001173900000) (1024K)]
=>0x00000174f88f0c10 JavaThread "C2 CompilerThread2"         daemon [_thread_in_native, id=37308, stack(0x0000001173900000,0x0000001173a00000) (1024K)]
Total: 59

Other Threads:
  0x00000174f820c580 VMThread "VM Thread"                           [id=37500, stack(0x000000116ed00000,0x000000116ee00000) (1024K)]
  0x00000174f816f280 WatcherThread "VM Periodic Task Thread"        [id=12952, stack(0x000000116ec00000,0x000000116ed00000) (1024K)]
  0x00000174df994350 WorkerThread "GC Thread#0"                     [id=42748, stack(0x000000116e700000,0x000000116e800000) (1024K)]
  0x00000174f8d17eb0 WorkerThread "GC Thread#1"                     [id=43316, stack(0x0000001170000000,0x0000001170100000) (1024K)]
  0x00000174f8d18250 WorkerThread "GC Thread#2"                     [id=43836, stack(0x0000001170100000,0x0000001170200000) (1024K)]
  0x00000174f8cc6020 WorkerThread "GC Thread#3"                     [id=28296, stack(0x0000001170200000,0x0000001170300000) (1024K)]
  0x00000174f8cc67d0 WorkerThread "GC Thread#4"                     [id=39048, stack(0x0000001170300000,0x0000001170400000) (1024K)]
  0x00000174f8cc6b70 WorkerThread "GC Thread#5"                     [id=2264, stack(0x0000001170400000,0x0000001170500000) (1024K)]
  0x00000174f8d5d6c0 WorkerThread "GC Thread#6"                     [id=22728, stack(0x0000001170500000,0x0000001170600000) (1024K)]
  0x00000174f8d5da60 WorkerThread "GC Thread#7"                     [id=9812, stack(0x0000001170600000,0x0000001170700000) (1024K)]
  0x00000174f8d5e210 WorkerThread "GC Thread#8"                     [id=27828, stack(0x0000001170700000,0x0000001170800000) (1024K)]
  0x00000174f8c7dea0 WorkerThread "GC Thread#9"                     [id=31440, stack(0x0000001170800000,0x0000001170900000) (1024K)]
  0x00000174f8c7d020 WorkerThread "GC Thread#10"                    [id=43576, stack(0x0000001170900000,0x0000001170a00000) (1024K)]
  0x00000174f8c7e5e0 WorkerThread "GC Thread#11"                    [id=12716, stack(0x0000001170a00000,0x0000001170b00000) (1024K)]
  0x00000174f8c7e240 WorkerThread "GC Thread#12"                    [id=43028, stack(0x0000001171300000,0x0000001171400000) (1024K)]
  0x00000174f8c7d760 WorkerThread "GC Thread#13"                    [id=43032, stack(0x0000001171400000,0x0000001171500000) (1024K)]
  0x00000174fe56bf40 WorkerThread "GC Thread#14"                    [id=23972, stack(0x0000001171500000,0x0000001171600000) (1024K)]
  0x00000174df9a5240 ConcurrentGCThread "G1 Main Marker"            [id=13372, stack(0x000000116e800000,0x000000116e900000) (1024K)]
  0x00000174df9a5c50 WorkerThread "G1 Conc#0"                       [id=33424, stack(0x000000116e900000,0x000000116ea00000) (1024K)]
  0x00000174fe56c2e0 WorkerThread "G1 Conc#1"                       [id=43420, stack(0x0000001171600000,0x0000001171700000) (1024K)]
  0x00000174fe569760 WorkerThread "G1 Conc#2"                       [id=31144, stack(0x0000001171700000,0x0000001171800000) (1024K)]
  0x00000174fe56b460 WorkerThread "G1 Conc#3"                       [id=10564, stack(0x0000001171800000,0x0000001171900000) (1024K)]
  0x00000174f79dd060 ConcurrentGCThread "G1 Refine#0"               [id=20612, stack(0x000000116ea00000,0x000000116eb00000) (1024K)]
  0x00000174f79dd880 ConcurrentGCThread "G1 Service"                [id=32764, stack(0x000000116eb00000,0x000000116ec00000) (1024K)]
Total: 24

Threads with active compile tasks:
C2 CompilerThread0  11478 6727   !   4       java.net.URLClassLoader$1::run (81 bytes)
C2 CompilerThread1  11478 6726       4       java.net.URLClassLoader$1::run (5 bytes)
C2 CompilerThread2  11478 6725   !   4       java.net.URLClassLoader::findClass (47 bytes)
Total: 3

VM state: not at safepoint (normal execution)

VM Mutex/Monitor currently owned by a thread: None

Heap address: 0x0000000080000000, size: 2048 MB, Compressed Oops mode: 32-bit

CDS archive(s) not mapped
Compressed class space mapped at: 0x0000000100000000-0x0000000140000000, reserved size: 1073741824
Narrow klass base: 0x0000000000000000, Narrow klass shift: 3, Narrow klass range: 0x140000000

GC Precious Log:
 CardTable entry size: 512
 Card Set container configuration: InlinePtr #cards 5 size 8 Array Of Cards #cards 12 size 40 Howl #buckets 4 coarsen threshold 1843 Howl Bitmap #cards 512 size 80 coarsen threshold 460 Card regions per heap region 1 cards per card region 2048
 CPUs: 20 total, 20 available
 Memory: 32581M
 Large Page Support: Disabled
 NUMA Support: Disabled
 Compressed Oops: Enabled (32-bit)
 Heap Region Size: 1M
 Heap Min Capacity: 8M
 Heap Initial Capacity: 510M
 Heap Max Capacity: 2G
 Pre-touch: Disabled
 Parallel Workers: 15
 Concurrent Workers: 4
 Concurrent Refinement Workers: 15
 Periodic GC: Disabled

Heap:
 garbage-first heap   total 83968K, used 52866K [0x0000000080000000, 0x0000000100000000)
  region size 1024K, 5 young (5120K), 2 survivors (2048K)
 Metaspace       used 69036K, committed 70720K, reserved 1114112K
  class space    used 9727K, committed 10560K, reserved 1048576K

Heap Regions: E=young(eden), S=young(survivor), O=old, HS=humongous(starts), HC=humongous(continues), CS=collection set, F=free, TAMS=top-at-mark-start, PB=parsable bottom
|   0|0x0000000080000000, 0x0000000080100000, 0x0000000080100000|100%|HS|  |TAMS 0x0000000080000000| PB 0x0000000080000000| Complete 
|   1|0x0000000080100000, 0x0000000080200000, 0x0000000080200000|100%|HC|  |TAMS 0x0000000080100000| PB 0x0000000080100000| Complete 
|   2|0x0000000080200000, 0x0000000080300000, 0x0000000080300000|100%|HC|  |TAMS 0x0000000080200000| PB 0x0000000080200000| Complete 
|   3|0x0000000080300000, 0x0000000080400000, 0x0000000080400000|100%| O|  |TAMS 0x0000000080300000| PB 0x0000000080300000| Untracked 
|   4|0x0000000080400000, 0x0000000080500000, 0x0000000080500000|100%| O|  |TAMS 0x0000000080400000| PB 0x0000000080400000| Untracked 
|   5|0x0000000080500000, 0x0000000080600000, 0x0000000080600000|100%|HS|  |TAMS 0x0000000080500000| PB 0x0000000080500000| Complete 
|   6|0x0000000080600000, 0x0000000080700000, 0x0000000080700000|100%| O|  |TAMS 0x0000000080600000| PB 0x0000000080600000| Untracked 
|   7|0x0000000080700000, 0x0000000080800000, 0x0000000080800000|100%| O|  |TAMS 0x0000000080700000| PB 0x0000000080700000| Untracked 
|   8|0x0000000080800000, 0x0000000080900000, 0x0000000080900000|100%| O|  |TAMS 0x0000000080800000| PB 0x0000000080800000| Untracked 
|   9|0x0000000080900000, 0x0000000080a00000, 0x0000000080a00000|100%| O|  |TAMS 0x0000000080900000| PB 0x0000000080900000| Untracked 
|  10|0x0000000080a00000, 0x0000000080b00000, 0x0000000080b00000|100%| O|  |TAMS 0x0000000080a00000| PB 0x0000000080a00000| Untracked 
|  11|0x0000000080b00000, 0x0000000080c00000, 0x0000000080c00000|100%| O|  |TAMS 0x0000000080b00000| PB 0x0000000080b00000| Untracked 
|  12|0x0000000080c00000, 0x0000000080d00000, 0x0000000080d00000|100%| O|  |TAMS 0x0000000080c00000| PB 0x0000000080c00000| Untracked 
|  13|0x0000000080d00000, 0x0000000080e00000, 0x0000000080e00000|100%| O|  |TAMS 0x0000000080d00000| PB 0x0000000080d00000| Untracked 
|  14|0x0000000080e00000, 0x0000000080f00000, 0x0000000080f00000|100%| O|  |TAMS 0x0000000080e00000| PB 0x0000000080e00000| Untracked 
|  15|0x0000000080f00000, 0x0000000081000000, 0x0000000081000000|100%| O|  |TAMS 0x0000000080f00000| PB 0x0000000080f00000| Untracked 
|  16|0x0000000081000000, 0x0000000081100000, 0x0000000081100000|100%| O|  |TAMS 0x0000000081000000| PB 0x0000000081000000| Untracked 
|  17|0x0000000081100000, 0x0000000081200000, 0x0000000081200000|100%| O|  |TAMS 0x0000000081100000| PB 0x0000000081100000| Untracked 
|  18|0x0000000081200000, 0x0000000081300000, 0x0000000081300000|100%| O|  |TAMS 0x0000000081200000| PB 0x0000000081200000| Untracked 
|  19|0x0000000081300000, 0x0000000081400000, 0x0000000081400000|100%| O|  |TAMS 0x0000000081300000| PB 0x0000000081300000| Untracked 
|  20|0x0000000081400000, 0x0000000081500000, 0x0000000081500000|100%| O|  |TAMS 0x0000000081400000| PB 0x0000000081400000| Untracked 
|  21|0x0000000081500000, 0x0000000081600000, 0x0000000081600000|100%| O|  |TAMS 0x0000000081500000| PB 0x0000000081500000| Untracked 
|  22|0x0000000081600000, 0x0000000081700000, 0x0000000081700000|100%| O|  |TAMS 0x0000000081600000| PB 0x0000000081600000| Untracked 
|  23|0x0000000081700000, 0x0000000081800000, 0x0000000081800000|100%| O|  |TAMS 0x0000000081700000| PB 0x0000000081700000| Untracked 
|  24|0x0000000081800000, 0x0000000081900000, 0x0000000081900000|100%| O|  |TAMS 0x0000000081800000| PB 0x0000000081800000| Untracked 
|  25|0x0000000081900000, 0x0000000081a00000, 0x0000000081a00000|100%| O|  |TAMS 0x0000000081900000| PB 0x0000000081900000| Untracked 
|  26|0x0000000081a00000, 0x0000000081b00000, 0x0000000081b00000|100%| O|  |TAMS 0x0000000081a00000| PB 0x0000000081a00000| Untracked 
|  27|0x0000000081b00000, 0x0000000081c00000, 0x0000000081c00000|100%|HS|  |TAMS 0x0000000081b00000| PB 0x0000000081b00000| Complete 
|  28|0x0000000081c00000, 0x0000000081d00000, 0x0000000081d00000|100%|HC|  |TAMS 0x0000000081c00000| PB 0x0000000081c00000| Complete 
|  29|0x0000000081d00000, 0x0000000081e00000, 0x0000000081e00000|100%| O|  |TAMS 0x0000000081d00000| PB 0x0000000081d00000| Untracked 
|  30|0x0000000081e00000, 0x0000000081f00000, 0x0000000081f00000|100%| O|  |TAMS 0x0000000081e00000| PB 0x0000000081e00000| Untracked 
|  31|0x0000000081f00000, 0x0000000082000000, 0x0000000082000000|100%| O|  |TAMS 0x0000000081f00000| PB 0x0000000081f00000| Untracked 
|  32|0x0000000082000000, 0x0000000082100000, 0x0000000082100000|100%| O|  |TAMS 0x0000000082000000| PB 0x0000000082000000| Untracked 
|  33|0x0000000082100000, 0x0000000082200000, 0x0000000082200000|100%| O|  |TAMS 0x0000000082100000| PB 0x0000000082100000| Untracked 
|  34|0x0000000082200000, 0x0000000082300000, 0x0000000082300000|100%| O|  |TAMS 0x0000000082200000| PB 0x0000000082200000| Untracked 
|  35|0x0000000082300000, 0x0000000082400000, 0x0000000082400000|100%| O|  |TAMS 0x0000000082300000| PB 0x0000000082300000| Untracked 
|  36|0x0000000082400000, 0x0000000082500000, 0x0000000082500000|100%| O|  |TAMS 0x0000000082400000| PB 0x0000000082400000| Untracked 
|  37|0x0000000082500000, 0x0000000082600000, 0x0000000082600000|100%| O|  |TAMS 0x0000000082500000| PB 0x0000000082500000| Untracked 
|  38|0x0000000082600000, 0x0000000082700000, 0x0000000082700000|100%| O|  |TAMS 0x0000000082600000| PB 0x0000000082600000| Untracked 
|  39|0x0000000082700000, 0x0000000082800000, 0x0000000082800000|100%| O|  |TAMS 0x0000000082700000| PB 0x0000000082700000| Untracked 
|  40|0x0000000082800000, 0x0000000082900000, 0x0000000082900000|100%| O|  |TAMS 0x0000000082800000| PB 0x0000000082800000| Untracked 
|  41|0x0000000082900000, 0x0000000082a00000, 0x0000000082a00000|100%| O|  |TAMS 0x0000000082900000| PB 0x0000000082900000| Untracked 
|  42|0x0000000082a00000, 0x0000000082b00000, 0x0000000082b00000|100%| O|Cm|TAMS 0x0000000082a00000| PB 0x0000000082a00000| Complete 
|  43|0x0000000082b00000, 0x0000000082c00000, 0x0000000082c00000|100%| O|Cm|TAMS 0x0000000082b00000| PB 0x0000000082b00000| Complete 
|  44|0x0000000082c00000, 0x0000000082d00000, 0x0000000082d00000|100%| O|  |TAMS 0x0000000082c00000| PB 0x0000000082c00000| Untracked 
|  45|0x0000000082d00000, 0x0000000082e00000, 0x0000000082e00000|100%| O|  |TAMS 0x0000000082d00000| PB 0x0000000082d00000| Untracked 
|  46|0x0000000082e00000, 0x0000000082e00000, 0x0000000082f00000|  0%| F|  |TAMS 0x0000000082e00000| PB 0x0000000082e00000| Untracked 
|  47|0x0000000082f00000, 0x0000000082f00000, 0x0000000083000000|  0%| F|  |TAMS 0x0000000082f00000| PB 0x0000000082f00000| Untracked 
|  48|0x0000000083000000, 0x0000000083000000, 0x0000000083100000|  0%| F|  |TAMS 0x0000000083000000| PB 0x0000000083000000| Untracked 
|  49|0x0000000083100000, 0x00000000831368a0, 0x0000000083200000| 21%| O|  |TAMS 0x0000000083100000| PB 0x0000000083100000| Untracked 
|  50|0x0000000083200000, 0x0000000083200000, 0x0000000083300000|  0%| F|  |TAMS 0x0000000083200000| PB 0x0000000083200000| Untracked 
|  51|0x0000000083300000, 0x0000000083300000, 0x0000000083400000|  0%| F|  |TAMS 0x0000000083300000| PB 0x0000000083300000| Untracked 
|  52|0x0000000083400000, 0x0000000083400000, 0x0000000083500000|  0%| F|  |TAMS 0x0000000083400000| PB 0x0000000083400000| Untracked 
|  53|0x0000000083500000, 0x0000000083500000, 0x0000000083600000|  0%| F|  |TAMS 0x0000000083500000| PB 0x0000000083500000| Untracked 
|  54|0x0000000083600000, 0x000000008366a0e8, 0x0000000083700000| 41%| S|CS|TAMS 0x0000000083600000| PB 0x0000000083600000| Complete 
|  55|0x0000000083700000, 0x0000000083800000, 0x0000000083800000|100%| S|CS|TAMS 0x0000000083700000| PB 0x0000000083700000| Complete 
|  56|0x0000000083800000, 0x0000000083800000, 0x0000000083900000|  0%| F|  |TAMS 0x0000000083800000| PB 0x0000000083800000| Untracked 
|  57|0x0000000083900000, 0x0000000083900000, 0x0000000083a00000|  0%| F|  |TAMS 0x0000000083900000| PB 0x0000000083900000| Untracked 
|  58|0x0000000083a00000, 0x0000000083a00000, 0x0000000083b00000|  0%| F|  |TAMS 0x0000000083a00000| PB 0x0000000083a00000| Untracked 
|  59|0x0000000083b00000, 0x0000000083b00000, 0x0000000083c00000|  0%| F|  |TAMS 0x0000000083b00000| PB 0x0000000083b00000| Untracked 
|  60|0x0000000083c00000, 0x0000000083c00000, 0x0000000083d00000|  0%| F|  |TAMS 0x0000000083c00000| PB 0x0000000083c00000| Untracked 
|  61|0x0000000083d00000, 0x0000000083d00000, 0x0000000083e00000|  0%| F|  |TAMS 0x0000000083d00000| PB 0x0000000083d00000| Untracked 
|  62|0x0000000083e00000, 0x0000000083e00000, 0x0000000083f00000|  0%| F|  |TAMS 0x0000000083e00000| PB 0x0000000083e00000| Untracked 
|  63|0x0000000083f00000, 0x0000000083f00000, 0x0000000084000000|  0%| F|  |TAMS 0x0000000083f00000| PB 0x0000000083f00000| Untracked 
|  64|0x0000000084000000, 0x0000000084000000, 0x0000000084100000|  0%| F|  |TAMS 0x0000000084000000| PB 0x0000000084000000| Untracked 
|  65|0x0000000084100000, 0x0000000084100000, 0x0000000084200000|  0%| F|  |TAMS 0x0000000084100000| PB 0x0000000084100000| Untracked 
|  66|0x0000000084200000, 0x0000000084200000, 0x0000000084300000|  0%| F|  |TAMS 0x0000000084200000| PB 0x0000000084200000| Untracked 
|  67|0x0000000084300000, 0x0000000084300000, 0x0000000084400000|  0%| F|  |TAMS 0x0000000084300000| PB 0x0000000084300000| Untracked 
|  68|0x0000000084400000, 0x0000000084400000, 0x0000000084500000|  0%| F|  |TAMS 0x0000000084400000| PB 0x0000000084400000| Untracked 
|  69|0x0000000084500000, 0x0000000084500000, 0x0000000084600000|  0%| F|  |TAMS 0x0000000084500000| PB 0x0000000084500000| Untracked 
| 482|0x000000009e200000, 0x000000009e200000, 0x000000009e300000|  0%| F|  |TAMS 0x000000009e200000| PB 0x000000009e200000| Untracked 
| 483|0x000000009e300000, 0x000000009e300000, 0x000000009e400000|  0%| F|  |TAMS 0x000000009e300000| PB 0x000000009e300000| Untracked 
| 484|0x000000009e400000, 0x000000009e400000, 0x000000009e500000|  0%| F|  |TAMS 0x000000009e400000| PB 0x000000009e400000| Untracked 
| 485|0x000000009e500000, 0x000000009e500000, 0x000000009e600000|  0%| F|  |TAMS 0x000000009e500000| PB 0x000000009e500000| Untracked 
| 486|0x000000009e600000, 0x000000009e600000, 0x000000009e700000|  0%| F|  |TAMS 0x000000009e600000| PB 0x000000009e600000| Untracked 
| 487|0x000000009e700000, 0x000000009e700000, 0x000000009e800000|  0%| F|  |TAMS 0x000000009e700000| PB 0x000000009e700000| Untracked 
| 488|0x000000009e800000, 0x000000009e800000, 0x000000009e900000|  0%| F|  |TAMS 0x000000009e800000| PB 0x000000009e800000| Untracked 
| 489|0x000000009e900000, 0x000000009e9fd050, 0x000000009ea00000| 98%| E|  |TAMS 0x000000009e900000| PB 0x000000009e900000| Complete 
| 508|0x000000009fc00000, 0x000000009fd00000, 0x000000009fd00000|100%| E|CS|TAMS 0x000000009fc00000| PB 0x000000009fc00000| Complete 
| 509|0x000000009fd00000, 0x000000009fe00000, 0x000000009fe00000|100%| E|CS|TAMS 0x000000009fd00000| PB 0x000000009fd00000| Complete 
|2046|0x00000000ffe00000, 0x00000000fff00000, 0x00000000fff00000|100%| O|  |TAMS 0x00000000ffe00000| PB 0x00000000ffe00000| Untracked 
|2047|0x00000000fff00000, 0x0000000100000000, 0x0000000100000000|100%| O|  |TAMS 0x00000000fff00000| PB 0x00000000fff00000| Untracked 

Card table byte_map: [0x00000174f2930000,0x00000174f2d30000] _byte_map_base: 0x00000174f2530000

Marking Bits: (CMBitMap*) 0x00000174df994960
 Bits: [0x00000174f2d30000, 0x00000174f4d30000)

Polling page: 0x00000174def10000

Metaspace:

Usage:
  Non-class:     57.94 MB used.
      Class:      9.50 MB used.
       Both:     67.44 MB used.

Virtual space:
  Non-class space:       64.00 MB reserved,      58.75 MB ( 92%) committed,  1 nodes.
      Class space:        1.00 GB reserved,      10.31 MB (  1%) committed,  1 nodes.
             Both:        1.06 GB reserved,      69.06 MB (  6%) committed. 

Chunk freelists:
   Non-Class:  5.12 MB
       Class:  5.67 MB
        Both:  10.80 MB

MaxMetaspaceSize: unlimited
CompressedClassSpaceSize: 1.00 GB
Initial GC threshold: 21.00 MB
Current GC threshold: 109.62 MB
CDS: off
 - commit_granule_bytes: 65536.
 - commit_granule_words: 8192.
 - virtual_space_node_default_size: 8388608.
 - enlarge_chunks_in_place: 1.
 - use_allocation_guard: 0.


Internal statistics:

num_allocs_failed_limit: 6.
num_arena_births: 3110.
num_arena_deaths: 0.
num_vsnodes_births: 2.
num_vsnodes_deaths: 0.
num_space_committed: 1105.
num_space_uncommitted: 0.
num_chunks_returned_to_freelist: 6.
num_chunks_taken_from_freelist: 5938.
num_chunk_merges: 6.
num_chunk_splits: 3853.
num_chunks_enlarged: 2386.
num_inconsistent_stats: 0.

CodeHeap 'non-profiled nmethods': size=119168Kb used=3156Kb max_used=3577Kb free=116011Kb
 bounds [0x00000174ea630000, 0x00000174ea9b0000, 0x00000174f1a90000]
CodeHeap 'profiled nmethods': size=119104Kb used=10607Kb max_used=11501Kb free=108497Kb
 bounds [0x00000174e2a90000, 0x00000174e35d0000, 0x00000174e9ee0000]
CodeHeap 'non-nmethods': size=7488Kb used=3871Kb max_used=4458Kb free=3616Kb
 bounds [0x00000174e9ee0000, 0x00000174ea340000, 0x00000174ea630000]
CodeCache: size=245760Kb, used=17634Kb, max_used=19536Kb, free=228124Kb
 total_blobs=6623, nmethods=5732, adapters=793, full_count=0
Compilation: enabled, stopped_count=0, restarted_count=0

Compilation events (20 events):
Event: 10.253 Thread 0x00000174f82a7420 nmethod 6739 0x00000174ea6d9d10 code [0x00000174ea6d9ea0, 0x00000174ea6d9f68]
Event: 10.253 Thread 0x00000174f8591270 nmethod 6738 0x00000174ea6d9a10 code [0x00000174ea6d9ba0, 0x00000174ea6d9c68]
Event: 10.284 Thread 0x00000174f82a7420 6740       3       java.lang.Long::bitCount (61 bytes)
Event: 10.284 Thread 0x00000174f82a7420 nmethod 6740 0x00000174e2b02090 code [0x00000174e2b02220, 0x00000174e2b02390]
Event: 10.286 Thread 0x00000174f8591270 6743       3       java.util.BitSet::recalculateWordsInUse (39 bytes)
Event: 10.287 Thread 0x00000174f8591270 nmethod 6743 0x00000174e2d14110 code [0x00000174e2d142c0, 0x00000174e2d144e8]
Event: 10.287 Thread 0x00000174f83f40b0 6744       3       com.google.common.collect.ImmutableMapEntrySet$RegularEntrySet::iterator (5 bytes)
Event: 10.287 Thread 0x00000174f8591270 6745       3       com.google.common.collect.ImmutableMapEntrySet$RegularEntrySet::iterator (8 bytes)
Event: 10.287 Thread 0x00000174f8591270 nmethod 6745 0x00000174e317ac10 code [0x00000174e317adc0, 0x00000174e317af90]
Event: 10.288 Thread 0x00000174f83f40b0 nmethod 6744 0x00000174e2d61d90 code [0x00000174e2d61f40, 0x00000174e2d62170]
Event: 10.313 Thread 0x00000174f83f40b0 6746       3       com.google.common.collect.ImmutableSet$RegularSetBuilderImpl::review (86 bytes)
Event: 10.313 Thread 0x00000174f8591270 6747       3       com.google.common.collect.ImmutableSet$RegularSetBuilderImpl::build (110 bytes)
Event: 10.328 Thread 0x00000174f83f40b0 nmethod 6746 0x00000174e2cae390 code [0x00000174e2cae5e0, 0x00000174e2caeac0]
Event: 10.328 Thread 0x00000174f8591270 nmethod 6747 0x00000174e2b4c990 code [0x00000174e2b4cc40, 0x00000174e2b4d9f0]
Event: 10.345 Thread 0x00000174f83f40b0 6748       3       com.google.common.cache.LocalCache::usesWriteQueue (5 bytes)
Event: 10.345 Thread 0x00000174f8591270 6749       3       com.google.common.cache.LocalCache$Segment::newEntryArray (9 bytes)
Event: 10.345 Thread 0x00000174f83f40b0 nmethod 6748 0x00000174e31de990 code [0x00000174e31deb40, 0x00000174e31ded18]
Event: 10.345 Thread 0x00000174f8591270 nmethod 6749 0x00000174e2c5d890 code [0x00000174e2c5da40, 0x00000174e2c5dd48]
Event: 10.345 Thread 0x00000174f82a7420 6750       3       java.lang.invoke.LambdaForm$Name::<init> (19 bytes)
Event: 10.346 Thread 0x00000174f82a7420 nmethod 6750 0x00000174e2b18890 code [0x00000174e2b18ac0, 0x00000174e2b19150]

GC Heap History (20 events):
Event: 3.985 GC heap before
{Heap before GC invocations=7 (full 0):
 garbage-first heap   total 79872K, used 38959K [0x0000000080000000, 0x0000000100000000)
  region size 1024K, 21 young (21504K), 6 survivors (6144K)
 Metaspace       used 35306K, committed 36096K, reserved 1114112K
  class space    used 4905K, committed 5312K, reserved 1048576K
}
Event: 3.988 GC heap after
{Heap after GC invocations=8 (full 0):
 garbage-first heap   total 79872K, used 25384K [0x0000000080000000, 0x0000000100000000)
  region size 1024K, 4 young (4096K), 4 survivors (4096K)
 Metaspace       used 35306K, committed 36096K, reserved 1114112K
  class space    used 4905K, committed 5312K, reserved 1048576K
}
Event: 4.499 GC heap before
{Heap before GC invocations=9 (full 0):
 garbage-first heap   total 79872K, used 65320K [0x0000000080000000, 0x0000000100000000)
  region size 1024K, 44 young (45056K), 4 survivors (4096K)
 Metaspace       used 43960K, committed 44800K, reserved 1114112K
  class space    used 6002K, committed 6400K, reserved 1048576K
}
Event: 4.502 GC heap after
{Heap after GC invocations=10 (full 0):
 garbage-first heap   total 79872K, used 29323K [0x0000000080000000, 0x0000000100000000)
  region size 1024K, 6 young (6144K), 6 survivors (6144K)
 Metaspace       used 43960K, committed 44800K, reserved 1114112K
  class space    used 6002K, committed 6400K, reserved 1048576K
}
Event: 4.763 GC heap before
{Heap before GC invocations=10 (full 0):
 garbage-first heap   total 79872K, used 71307K [0x0000000080000000, 0x0000000100000000)
  region size 1024K, 43 young (44032K), 6 survivors (6144K)
 Metaspace       used 46711K, committed 47616K, reserved 1114112K
  class space    used 6292K, committed 6720K, reserved 1048576K
}
Event: 4.765 GC heap after
{Heap after GC invocations=11 (full 0):
 garbage-first heap   total 83968K, used 33424K [0x0000000080000000, 0x0000000100000000)
  region size 1024K, 4 young (4096K), 4 survivors (4096K)
 Metaspace       used 46711K, committed 47616K, reserved 1114112K
  class space    used 6292K, committed 6720K, reserved 1048576K
}
Event: 5.078 GC heap before
{Heap before GC invocations=11 (full 0):
 garbage-first heap   total 83968K, used 71312K [0x0000000080000000, 0x0000000100000000)
  region size 1024K, 41 young (41984K), 4 survivors (4096K)
 Metaspace       used 51326K, committed 52672K, reserved 1114112K
  class space    used 7077K, committed 7744K, reserved 1048576K
}
Event: 5.080 GC heap after
{Heap after GC invocations=12 (full 0):
 garbage-first heap   total 83968K, used 35765K [0x0000000080000000, 0x0000000100000000)
  region size 1024K, 3 young (3072K), 3 survivors (3072K)
 Metaspace       used 51326K, committed 52672K, reserved 1114112K
  class space    used 7077K, committed 7744K, reserved 1048576K
}
Event: 5.921 GC heap before
{Heap before GC invocations=12 (full 0):
 garbage-first heap   total 83968K, used 72629K [0x0000000080000000, 0x0000000100000000)
  region size 1024K, 39 young (39936K), 3 survivors (3072K)
 Metaspace       used 55587K, committed 56960K, reserved 1114112K
  class space    used 7791K, committed 8448K, reserved 1048576K
}
Event: 5.923 GC heap after
{Heap after GC invocations=13 (full 0):
 garbage-first heap   total 83968K, used 39292K [0x0000000080000000, 0x0000000100000000)
  region size 1024K, 5 young (5120K), 5 survivors (5120K)
 Metaspace       used 55587K, committed 56960K, reserved 1114112K
  class space    used 7791K, committed 8448K, reserved 1048576K
}
Event: 6.558 GC heap before
{Heap before GC invocations=13 (full 0):
 garbage-first heap   total 83968K, used 59772K [0x0000000080000000, 0x0000000100000000)
  region size 1024K, 24 young (24576K), 5 survivors (5120K)
 Metaspace       used 56952K, committed 58368K, reserved 1114112K
  class space    used 7984K, committed 8640K, reserved 1048576K
}
Event: 6.560 GC heap after
{Heap after GC invocations=14 (full 0):
 garbage-first heap   total 83968K, used 46152K [0x0000000080000000, 0x0000000100000000)
  region size 1024K, 5 young (5120K), 5 survivors (5120K)
 Metaspace       used 56952K, committed 58368K, reserved 1114112K
  class space    used 7984K, committed 8640K, reserved 1048576K
}
Event: 6.733 GC heap before
{Heap before GC invocations=15 (full 0):
 garbage-first heap   total 83968K, used 73800K [0x0000000080000000, 0x0000000100000000)
  region size 1024K, 31 young (31744K), 5 survivors (5120K)
 Metaspace       used 57968K, committed 59392K, reserved 1114112K
  class space    used 8035K, committed 8704K, reserved 1048576K
}
Event: 6.735 GC heap after
{Heap after GC invocations=16 (full 0):
 garbage-first heap   total 83968K, used 45847K [0x0000000080000000, 0x0000000100000000)
  region size 1024K, 1 young (1024K), 1 survivors (1024K)
 Metaspace       used 57968K, committed 59392K, reserved 1114112K
  class space    used 8035K, committed 8704K, reserved 1048576K
}
Event: 7.449 GC heap before
{Heap before GC invocations=16 (full 0):
 garbage-first heap   total 83968K, used 74519K [0x0000000080000000, 0x0000000100000000)
  region size 1024K, 29 young (29696K), 1 survivors (1024K)
 Metaspace       used 61931K, committed 63488K, reserved 1114112K
  class space    used 8610K, committed 9344K, reserved 1048576K
}
Event: 7.450 GC heap after
{Heap after GC invocations=17 (full 0):
 garbage-first heap   total 83968K, used 46713K [0x0000000080000000, 0x0000000100000000)
  region size 1024K, 3 young (3072K), 3 survivors (3072K)
 Metaspace       used 61931K, committed 63488K, reserved 1114112K
  class space    used 8610K, committed 9344K, reserved 1048576K
}
Event: 7.877 GC heap before
{Heap before GC invocations=17 (full 0):
 garbage-first heap   total 83968K, used 73337K [0x0000000080000000, 0x0000000100000000)
  region size 1024K, 30 young (30720K), 3 survivors (3072K)
 Metaspace       used 65689K, committed 67264K, reserved 1114112K
  class space    used 9175K, committed 9920K, reserved 1048576K
}
Event: 7.879 GC heap after
{Heap after GC invocations=18 (full 0):
 garbage-first heap   total 83968K, used 49227K [0x0000000080000000, 0x0000000100000000)
  region size 1024K, 4 young (4096K), 4 survivors (4096K)
 Metaspace       used 65689K, committed 67264K, reserved 1114112K
  class space    used 9175K, committed 9920K, reserved 1048576K
}
Event: 10.284 GC heap before
{Heap before GC invocations=19 (full 0):
 garbage-first heap   total 83968K, used 73803K [0x0000000080000000, 0x0000000100000000)
  region size 1024K, 28 young (28672K), 4 survivors (4096K)
 Metaspace       used 68631K, committed 70336K, reserved 1114112K
  class space    used 9663K, committed 10496K, reserved 1048576K
}
Event: 10.286 GC heap after
{Heap after GC invocations=20 (full 0):
 garbage-first heap   total 83968K, used 50818K [0x0000000080000000, 0x0000000100000000)
  region size 1024K, 2 young (2048K), 2 survivors (2048K)
 Metaspace       used 68631K, committed 70336K, reserved 1114112K
  class space    used 9663K, committed 10496K, reserved 1048576K
}

Dll operation events (3 events):
Event: 0.032 Loaded shared library C:\Program Files\Android\Android Studio\jbr\bin\java.dll
Event: 0.041 Loaded shared library C:\Program Files\Android\Android Studio\jbr\bin\zip.dll
Event: 1.253 Loaded shared library C:\Program Files\Android\Android Studio\jbr\bin\verify.dll

Deoptimization events (20 events):
Event: 8.066 Thread 0x00000174fe4ce4b0 Uncommon trap: trap_request=0xffffffde fr.pc=0x00000174ea848484 relative=0x00000000000053e4
Event: 8.066 Thread 0x00000174fe4ce4b0 Uncommon trap: reason=class_check action=maybe_recompile pc=0x00000174ea848484 method=java.net.URLClassLoader.defineClass(Ljava/lang/String;Ljdk/internal/loader/Resource;)Ljava/lang/Class; @ 34 c2
Event: 8.066 Thread 0x00000174fe4ce4b0 DEOPT PACKING pc=0x00000174ea848484 sp=0x0000001170ff8890
Event: 8.066 Thread 0x00000174fe4ce4b0 DEOPT UNPACKING pc=0x00000174e9f346a2 sp=0x0000001170ff8668 mode 2
Event: 8.069 Thread 0x00000174fe4ce4b0 Uncommon trap: trap_request=0xffffffde fr.pc=0x00000174ea848484 relative=0x00000000000053e4
Event: 8.069 Thread 0x00000174fe4ce4b0 Uncommon trap: reason=class_check action=maybe_recompile pc=0x00000174ea848484 method=java.net.URLClassLoader.defineClass(Ljava/lang/String;Ljdk/internal/loader/Resource;)Ljava/lang/Class; @ 34 c2
Event: 8.069 Thread 0x00000174fe4ce4b0 DEOPT PACKING pc=0x00000174ea848484 sp=0x0000001170ff8890
Event: 8.069 Thread 0x00000174fe4ce4b0 DEOPT UNPACKING pc=0x00000174e9f346a2 sp=0x0000001170ff8668 mode 2
Event: 8.072 Thread 0x00000174fe4ce4b0 Uncommon trap: trap_request=0xffffffde fr.pc=0x00000174ea848484 relative=0x00000000000053e4
Event: 8.072 Thread 0x00000174fe4ce4b0 Uncommon trap: reason=class_check action=maybe_recompile pc=0x00000174ea848484 method=java.net.URLClassLoader.defineClass(Ljava/lang/String;Ljdk/internal/loader/Resource;)Ljava/lang/Class; @ 34 c2
Event: 8.072 Thread 0x00000174fe4ce4b0 DEOPT PACKING pc=0x00000174ea848484 sp=0x0000001170ff8890
Event: 8.072 Thread 0x00000174fe4ce4b0 DEOPT UNPACKING pc=0x00000174e9f346a2 sp=0x0000001170ff8668 mode 2
Event: 8.075 Thread 0x00000174fe4ce4b0 Uncommon trap: trap_request=0xffffffde fr.pc=0x00000174ea82b8fc relative=0x00000000000055dc
Event: 8.075 Thread 0x00000174fe4ce4b0 Uncommon trap: reason=class_check action=maybe_recompile pc=0x00000174ea82b8fc method=java.net.URLClassLoader.defineClass(Ljava/lang/String;Ljdk/internal/loader/Resource;)Ljava/lang/Class; @ 34 c2
Event: 8.075 Thread 0x00000174fe4ce4b0 DEOPT PACKING pc=0x00000174ea82b8fc sp=0x0000001170ff87d0
Event: 8.075 Thread 0x00000174fe4ce4b0 DEOPT UNPACKING pc=0x00000174e9f346a2 sp=0x0000001170ff8710 mode 2
Event: 8.078 Thread 0x00000174fe4ce4b0 Uncommon trap: trap_request=0xffffffde fr.pc=0x00000174ea83a018 relative=0x00000000000055f8
Event: 8.078 Thread 0x00000174fe4ce4b0 Uncommon trap: reason=class_check action=maybe_recompile pc=0x00000174ea83a018 method=java.net.URLClassLoader.defineClass(Ljava/lang/String;Ljdk/internal/loader/Resource;)Ljava/lang/Class; @ 34 c2
Event: 8.078 Thread 0x00000174fe4ce4b0 DEOPT PACKING pc=0x00000174ea83a018 sp=0x0000001170ff8760
Event: 8.078 Thread 0x00000174fe4ce4b0 DEOPT UNPACKING pc=0x00000174e9f346a2 sp=0x0000001170ff8708 mode 2

Classes loaded (20 events):
Event: 8.040 Loading class java/io/ObjectStreamClass$FieldReflector
Event: 8.040 Loading class java/io/ObjectStreamClass$FieldReflector done
Event: 8.041 Loading class java/io/ObjectStreamClass$1
Event: 8.041 Loading class java/io/ObjectStreamClass$1 done
Event: 8.041 Loading class java/io/ObjectStreamClass$MemberSignature
Event: 8.041 Loading class java/io/ObjectStreamClass$MemberSignature done
Event: 8.041 Loading class java/io/ObjectStreamClass$3
Event: 8.041 Loading class java/io/ObjectStreamClass$3 done
Event: 8.041 Loading class java/io/ObjectStreamClass$4
Event: 8.041 Loading class java/io/ObjectStreamClass$4 done
Event: 8.041 Loading class java/io/ObjectStreamClass$5
Event: 8.041 Loading class java/io/ObjectStreamClass$5 done
Event: 8.041 Loading class java/io/ObjectStreamClass$ClassDataSlot
Event: 8.041 Loading class java/io/ObjectStreamClass$ClassDataSlot done
Event: 8.044 Loading class java/io/SerialCallbackContext
Event: 8.044 Loading class java/io/SerialCallbackContext done
Event: 8.057 Loading class java/lang/invoke/SerializedLambda$1
Event: 8.057 Loading class java/lang/invoke/SerializedLambda$1 done
Event: 10.391 Loading class java/util/DualPivotQuicksort
Event: 10.391 Loading class java/util/DualPivotQuicksort done

Classes unloaded (0 events):
No events

Classes redefined (0 events):
No events

Internal exceptions (20 events):
Event: 7.790 Thread 0x00000174fe4ce4b0 Exception <a 'java/lang/NoSuchMethodError'{0x0000000083904630}: 'void java.lang.invoke.DirectMethodHandle$Holder.invokeStatic(java.lang.Object, java.lang.Object, java.lang.Object, java.lang.Object, java.lang.Object, java.lang.Object, java.lang.Object)'> (0x0000000083904630) 
thrown [s\src\hotspot\share\interpreter\linkResolver.cpp, line 784]
Event: 7.908 Thread 0x00000174fe4ce4b0 Implicit null exception at 0x00000174ea63983d to 0x00000174ea6398b9
Event: 8.025 Thread 0x00000174fe4ce4b0 Exception <a 'java/lang/NoSuchMethodError'{0x00000000840f0370}: 'void java.lang.invoke.DelegatingMethodHandle$Holder.reinvoke_L(java.lang.Object, java.lang.Object, int)'> (0x00000000840f0370) 
thrown [s\src\hotspot\share\interpreter\linkResolver.cpp, line 784]
Event: 8.025 Thread 0x00000174fe4ce4b0 Exception <a 'java/lang/NoSuchMethodError'{0x00000000840f8638}: 'int java.lang.invoke.Invokers$Holder.invokeExact_MT(java.lang.Object, java.lang.Object, java.lang.Object)'> (0x00000000840f8638) 
thrown [s\src\hotspot\share\interpreter\linkResolver.cpp, line 784]
Event: 8.027 Thread 0x00000174fe4ce4b0 Exception <a 'java/lang/NoSuchMethodError'{0x0000000083f18f00}: 'void java.lang.invoke.DelegatingMethodHandle$Holder.reinvoke_L(java.lang.Object, java.lang.Object, long)'> (0x0000000083f18f00) 
thrown [s\src\hotspot\share\interpreter\linkResolver.cpp, line 784]
Event: 8.027 Thread 0x00000174fe4ce4b0 Exception <a 'java/lang/NoSuchMethodError'{0x0000000083f20480}: 'long java.lang.invoke.Invokers$Holder.invokeExact_MT(java.lang.Object, java.lang.Object, java.lang.Object)'> (0x0000000083f20480) 
thrown [s\src\hotspot\share\interpreter\linkResolver.cpp, line 784]
Event: 8.041 Thread 0x00000174fe4cf1d0 Exception <a 'java/lang/NoSuchMethodError'{0x0000000083e9d920}: static Lorg/gradle/internal/build/event/types/DefaultOperationStartedProgressEvent;.<clinit>()V> (0x0000000083e9d920) 
thrown [s\src\hotspot\share\prims\jni.cpp, line 1144]
Event: 8.041 Thread 0x00000174fe4cf1d0 Exception <a 'java/lang/NoSuchMethodError'{0x0000000083ea00d8}: static Lorg/gradle/internal/build/event/types/AbstractProgressEvent;.<clinit>()V> (0x0000000083ea00d8) 
thrown [s\src\hotspot\share\prims\jni.cpp, line 1144]
Event: 8.042 Thread 0x00000174fe4cf1d0 Exception <a 'java/lang/NoSuchMethodError'{0x0000000083d04330}: static Lorg/gradle/internal/build/event/types/DefaultProjectConfigurationDescriptor;.<clinit>()V> (0x0000000083d04330) 
thrown [s\src\hotspot\share\prims\jni.cpp, line 1144]
Event: 8.042 Thread 0x00000174fe4cf1d0 Exception <a 'java/lang/NoSuchMethodError'{0x0000000083d071e8}: static Lorg/gradle/internal/build/event/types/DefaultOperationDescriptor;.<clinit>()V> (0x0000000083d071e8) 
thrown [s\src\hotspot\share\prims\jni.cpp, line 1144]
Event: 8.042 Thread 0x00000174fe4cf1d0 Exception <a 'java/lang/NoSuchMethodError'{0x0000000083d0b950}: 'long java.lang.invoke.DirectMethodHandle$Holder.invokeSpecial(java.lang.Object, java.lang.Object)'> (0x0000000083d0b950) 
thrown [s\src\hotspot\share\interpreter\linkResolver.cpp, line 784]
Event: 8.042 Thread 0x00000174fe4cf1d0 Exception <a 'java/lang/NoSuchMethodError'{0x0000000083d0f650}: 'long java.lang.invoke.Invokers$Holder.invokeExact_MT(java.lang.Object, java.lang.Object)'> (0x0000000083d0f650) 
thrown [s\src\hotspot\share\interpreter\linkResolver.cpp, line 784]
Event: 8.043 Thread 0x00000174fe4cf1d0 Exception <a 'java/lang/NoSuchMethodError'{0x0000000083d2b4d8}: static Lorg/gradle/internal/operations/OperationIdentifier;.<clinit>()V> (0x0000000083d2b4d8) 
thrown [s\src\hotspot\share\prims\jni.cpp, line 1144]
Event: 8.052 Thread 0x00000174fe4ce4b0 Exception <a 'java/lang/NoSuchMethodError'{0x0000000083c7ac30}: 'void java.lang.invoke.Invokers$Holder.invokeExact_MT(java.lang.Object, java.lang.Object, java.lang.Object, java.lang.Object)'> (0x0000000083c7ac30) 
thrown [s\src\hotspot\share\interpreter\linkResolver.cpp, line 784]
Event: 8.054 Thread 0x00000174fe4ce4b0 Exception <a 'java/lang/ClassNotFoundException'{0x0000000083cb7f68}: org/gradle/internal/serialize/codecs/core/ClosureCodec$BrokenScriptBeanInfo> (0x0000000083cb7f68) 
thrown [s\src\hotspot\share\classfile\systemDictionary.cpp, line 312]
Event: 8.054 Thread 0x00000174fe4ce4b0 Exception <a 'java/lang/ClassNotFoundException'{0x0000000083cc6a90}: org/gradle/internal/serialize/codecs/core/ClosureCodec$BrokenScriptCustomizer> (0x0000000083cc6a90) 
thrown [s\src\hotspot\share\classfile\systemDictionary.cpp, line 312]
Event: 8.054 Thread 0x00000174fe4ce4b0 Exception <a 'java/lang/ClassNotFoundException'{0x0000000083ce0b08}: org/gradle/api/invocation/GradleBeanInfo> (0x0000000083ce0b08) 
thrown [s\src\hotspot\share\classfile\systemDictionary.cpp, line 312]
Event: 8.055 Thread 0x00000174fe4ce4b0 Exception <a 'java/lang/ClassNotFoundException'{0x0000000083cecb18}: org/gradle/api/invocation/GradleCustomizer> (0x0000000083cecb18) 
thrown [s\src\hotspot\share\classfile\systemDictionary.cpp, line 312]
Event: 8.055 Thread 0x00000174fe4ce4b0 Exception <a 'java/lang/NoSuchMethodError'{0x0000000083b0f218}: 'void java.lang.invoke.Invokers$Holder.invokeExact_MT(java.lang.Object, java.lang.Object, int, java.lang.Object)'> (0x0000000083b0f218) 
thrown [s\src\hotspot\share\interpreter\linkResolver.cpp, line 784]
Event: 8.058 Thread 0x00000174fe4ce4b0 Exception <a 'java/lang/NoSuchMethodError'{0x0000000083b40ac0}: 'void java.lang.invoke.Invokers$Holder.invokeExact_MT(java.lang.Object, java.lang.Object, long, java.lang.Object)'> (0x0000000083b40ac0) 
thrown [s\src\hotspot\share\interpreter\linkResolver.cpp, line 784]

ZGC Phase Switch (0 events):
No events

VM Operations (20 events):
Event: 7.805 Executing VM operation: HandshakeAllThreads (Deoptimize) done
Event: 7.877 Executing VM operation: G1CollectForAllocation (G1 Evacuation Pause)
Event: 7.879 Executing VM operation: G1CollectForAllocation (G1 Evacuation Pause) done
Event: 7.888 Executing VM operation: G1PauseRemark
Event: 7.890 Executing VM operation: G1PauseRemark done
Event: 7.894 Executing VM operation: G1PauseCleanup
Event: 7.894 Executing VM operation: G1PauseCleanup done
Event: 7.899 Executing VM operation: HandshakeAllThreads (Deoptimize)
Event: 7.899 Executing VM operation: HandshakeAllThreads (Deoptimize) done
Event: 7.985 Executing VM operation: HandshakeAllThreads (Deoptimize)
Event: 7.985 Executing VM operation: HandshakeAllThreads (Deoptimize) done
Event: 8.041 Executing VM operation: HandshakeAllThreads (Deoptimize)
Event: 8.041 Executing VM operation: HandshakeAllThreads (Deoptimize) done
Event: 9.041 Executing VM operation: Cleanup
Event: 9.118 Executing VM operation: Cleanup done
Event: 10.129 Executing VM operation: Cleanup
Event: 10.253 Executing VM operation: Cleanup done
Event: 10.284 Executing VM operation: G1CollectForAllocation (G1 Evacuation Pause)
Event: 10.286 Executing VM operation: G1CollectForAllocation (G1 Evacuation Pause) done
Event: 11.298 Executing VM operation: Cleanup

Memory protections (0 events):
No events

Nmethod flushes (20 events):
Event: 7.889 Thread 0x00000174f820c580 flushing  nmethod 0x00000174e3327790
Event: 7.889 Thread 0x00000174f820c580 flushing  nmethod 0x00000174ea77b910
Event: 7.889 Thread 0x00000174f820c580 flushing  nmethod 0x00000174ea806110
Event: 7.889 Thread 0x00000174f820c580 flushing  nmethod 0x00000174ea80fc90
Event: 7.889 Thread 0x00000174f820c580 flushing  nmethod 0x00000174ea8ce810
Event: 7.889 Thread 0x00000174f820c580 flushing  nmethod 0x00000174e2c0c690
Event: 7.889 Thread 0x00000174f820c580 flushing  nmethod 0x00000174e2c0e290
Event: 7.889 Thread 0x00000174f820c580 flushing  nmethod 0x00000174e2d0b010
Event: 7.889 Thread 0x00000174f820c580 flushing  nmethod 0x00000174e2d0b910
Event: 7.889 Thread 0x00000174f820c580 flushing  nmethod 0x00000174e2dcee90
Event: 7.889 Thread 0x00000174f820c580 flushing  nmethod 0x00000174e2dda590
Event: 7.889 Thread 0x00000174f820c580 flushing  nmethod 0x00000174e2ebed10
Event: 7.889 Thread 0x00000174f820c580 flushing  nmethod 0x00000174e3052f90
Event: 7.889 Thread 0x00000174f820c580 flushing  nmethod 0x00000174e3057a90
Event: 7.889 Thread 0x00000174f820c580 flushing  nmethod 0x00000174e30dcf10
Event: 7.889 Thread 0x00000174f820c580 flushing  nmethod 0x00000174e3209010
Event: 7.889 Thread 0x00000174f820c580 flushing  nmethod 0x00000174e32cbc10
Event: 7.889 Thread 0x00000174f820c580 flushing  nmethod 0x00000174e32ccc10
Event: 7.889 Thread 0x00000174f820c580 flushing  nmethod 0x00000174e32cd610
Event: 7.889 Thread 0x00000174f820c580 flushing  nmethod 0x00000174e33b1890

Events (20 events):
Event: 5.875 Thread 0x00000174fe4ce4b0 Thread added: 0x00000174fea0fca0
Event: 5.875 Thread 0x00000174fe4ce4b0 Thread added: 0x00000174fea0d540
Event: 5.876 Thread 0x00000174fe4ce4b0 Thread added: 0x00000174fea0ceb0
Event: 5.889 Thread 0x00000174f83f40b0 Thread added: 0x00000174f88eea00
Event: 5.889 Thread 0x00000174f83f40b0 Thread added: 0x00000174f88f0540
Event: 6.020 Thread 0x00000174fe4ce4b0 Thread added: 0x00000174fea10330
Event: 6.136 Thread 0x00000174f88f0540 Thread exited: 0x00000174f88f0540
Event: 6.136 Thread 0x00000174f88eea00 Thread exited: 0x00000174f88eea00
Event: 6.286 Thread 0x00000174fe4ce4b0 Thread added: 0x00000174fea0ef80
Event: 6.323 Thread 0x00000174fe4ce4b0 Thread added: 0x00000174fea0f610
Event: 6.323 Thread 0x00000174fe4ce4b0 Thread added: 0x00000174fea0dbd0
Event: 6.324 Thread 0x00000174fe4ce4b0 Thread added: 0x00000174fea0e260
Event: 6.324 Thread 0x00000174fe4ce4b0 Thread added: 0x00000174fea0e8f0
Event: 6.324 Thread 0x00000174fe4ce4b0 Thread added: 0x00000174f8b10680
Event: 6.344 Thread 0x00000174fe4ce4b0 Thread added: 0x00000174f8b120c0
Event: 6.392 Thread 0x00000174fe4ce4b0 Thread added: 0x00000174f8b12750
Event: 6.409 Thread 0x00000174fe4ce4b0 Thread added: 0x00000174f8b10d10
Event: 6.474 Thread 0x00000174f8591270 Thread added: 0x00000174f88f0540
Event: 6.608 Thread 0x00000174f82a7420 Thread added: 0x00000174f88f0c10
Event: 9.122 Thread 0x00000174f8595930 Thread exited: 0x00000174f8595930


Dynamic libraries:
0x00007ff6fd3a0000 - 0x00007ff6fd3aa000 	C:\Program Files\Android\Android Studio\jbr\bin\java.exe
0x00007ff9eaa60000 - 0x00007ff9eacc8000 	C:\WINDOWS\SYSTEM32\ntdll.dll
0x00007ff9e99d0000 - 0x00007ff9e9a99000 	C:\WINDOWS\System32\KERNEL32.DLL
0x00007ff9e80d0000 - 0x00007ff9e84c8000 	C:\WINDOWS\System32\KERNELBASE.dll
0x00007ff9e7be0000 - 0x00007ff9e7d2b000 	C:\WINDOWS\System32\ucrtbase.dll
0x00007ff9c8e20000 - 0x00007ff9c8e3b000 	C:\Program Files\Android\Android Studio\jbr\bin\VCRUNTIME140.dll
0x00007ff99d140000 - 0x00007ff99d158000 	C:\Program Files\Android\Android Studio\jbr\bin\jli.dll
0x00007ff9e9e60000 - 0x00007ff9ea027000 	C:\WINDOWS\System32\USER32.dll
0x00007ff9e7bb0000 - 0x00007ff9e7bd7000 	C:\WINDOWS\System32\win32u.dll
0x00007ff9e9aa0000 - 0x00007ff9e9acb000 	C:\WINDOWS\System32\GDI32.dll
0x00007ff9cd770000 - 0x00007ff9cda04000 	C:\WINDOWS\WinSxS\amd64_microsoft.windows.common-controls_6595b64144ccf1df_6.0.26100.7019_none_3e06ffa0e335b8a8\COMCTL32.dll
0x00007ff9e8640000 - 0x00007ff9e876c000 	C:\WINDOWS\System32\gdi32full.dll
0x00007ff9ea150000 - 0x00007ff9ea1f9000 	C:\WINDOWS\System32\msvcrt.dll
0x00007ff9e7d30000 - 0x00007ff9e7dd3000 	C:\WINDOWS\System32\msvcp_win.dll
0x00007ff9ea060000 - 0x00007ff9ea091000 	C:\WINDOWS\System32\IMM32.DLL
0x00007ff9dc150000 - 0x00007ff9dc15c000 	C:\Program Files\Android\Android Studio\jbr\bin\vcruntime140_1.dll
0x00007ff906a70000 - 0x00007ff906afd000 	C:\Program Files\Android\Android Studio\jbr\bin\msvcp140.dll
0x00007ff8cc960000 - 0x00007ff8cd5f6000 	C:\Program Files\Android\Android Studio\jbr\bin\server\jvm.dll
0x00007ff9e8800000 - 0x00007ff9e88b4000 	C:\WINDOWS\System32\ADVAPI32.dll
0x00007ff9ea0a0000 - 0x00007ff9ea146000 	C:\WINDOWS\System32\sechost.dll
0x00007ff9ea260000 - 0x00007ff9ea378000 	C:\WINDOWS\System32\RPCRT4.dll
0x00007ff9e88c0000 - 0x00007ff9e8934000 	C:\WINDOWS\System32\WS2_32.dll
0x00007ff9e7960000 - 0x00007ff9e79be000 	C:\WINDOWS\SYSTEM32\POWRPROF.dll
0x00007ff9db4d0000 - 0x00007ff9db505000 	C:\WINDOWS\SYSTEM32\WINMM.dll
0x00007ff9e1170000 - 0x00007ff9e117b000 	C:\WINDOWS\SYSTEM32\VERSION.dll
0x00007ff9e7940000 - 0x00007ff9e7954000 	C:\WINDOWS\SYSTEM32\UMPDC.dll
0x00007ff9e6930000 - 0x00007ff9e694b000 	C:\WINDOWS\SYSTEM32\kernel.appcore.dll
0x00007ff9dbe40000 - 0x00007ff9dbe4a000 	C:\Program Files\Android\Android Studio\jbr\bin\jimage.dll
0x00007ff9e4fa0000 - 0x00007ff9e51e2000 	C:\WINDOWS\SYSTEM32\DBGHELP.DLL
0x00007ff9e8cd0000 - 0x00007ff9e905b000 	C:\WINDOWS\System32\combase.dll
0x00007ff9e9b90000 - 0x00007ff9e9c67000 	C:\WINDOWS\System32\OLEAUT32.dll
0x00007ff9ce8d0000 - 0x00007ff9ce90c000 	C:\WINDOWS\SYSTEM32\dbgcore.DLL
0x00007ff9e8020000 - 0x00007ff9e80c5000 	C:\WINDOWS\System32\bcryptPrimitives.dll
0x00007ff99d130000 - 0x00007ff99d13e000 	C:\Program Files\Android\Android Studio\jbr\bin\instrument.dll
0x00007ff9c89b0000 - 0x00007ff9c89d0000 	C:\Program Files\Android\Android Studio\jbr\bin\java.dll
0x00007ff9c88a0000 - 0x00007ff9c88b8000 	C:\Program Files\Android\Android Studio\jbr\bin\zip.dll
0x00007ff9e9210000 - 0x00007ff9e995f000 	C:\WINDOWS\System32\SHELL32.dll
0x00007ff9e84d0000 - 0x00007ff9e863b000 	C:\WINDOWS\System32\wintypes.dll
0x00007ff9e57b0000 - 0x00007ff9e600d000 	C:\WINDOWS\SYSTEM32\windows.storage.dll
0x00007ff9e9d60000 - 0x00007ff9e9e52000 	C:\WINDOWS\System32\SHCORE.dll
0x00007ff9e9cf0000 - 0x00007ff9e9d57000 	C:\WINDOWS\System32\shlwapi.dll
0x00007ff9e7ad0000 - 0x00007ff9e7af9000 	C:\WINDOWS\SYSTEM32\profapi.dll
0x00007ff9dbdc0000 - 0x00007ff9dbdd0000 	C:\Program Files\Android\Android Studio\jbr\bin\net.dll
0x00007ff9e03a0000 - 0x00007ff9e04c8000 	C:\WINDOWS\SYSTEM32\WINHTTP.dll
0x00007ff9e6e80000 - 0x00007ff9e6eeb000 	C:\WINDOWS\system32\mswsock.dll
0x00007ff9c8880000 - 0x00007ff9c8896000 	C:\Program Files\Android\Android Studio\jbr\bin\nio.dll
0x00007ff9cdab0000 - 0x00007ff9cdac0000 	C:\Program Files\Android\Android Studio\jbr\bin\verify.dll
0x00007ff99eab0000 - 0x00007ff99ead7000 	C:\Users\carvi\.gradle\native\1def1411415f61bf3af743bc5b6707747c0891f09f0c88961ee8f79bc544acac\windows-amd64\native-platform.dll
0x00007ff8e77a0000 - 0x00007ff8e7818000 	C:\Users\carvi\.gradle\native\0.2.7\x86_64-windows-gnu\gradle-fileevents.dll
0x00007ff9d1430000 - 0x00007ff9d1439000 	C:\Program Files\Android\Android Studio\jbr\bin\management.dll
0x00007ff9d11f0000 - 0x00007ff9d11fb000 	C:\Program Files\Android\Android Studio\jbr\bin\management_ext.dll
0x00007ff9e9970000 - 0x00007ff9e9978000 	C:\WINDOWS\System32\PSAPI.DLL
0x00007ff9e6370000 - 0x00007ff9e63a4000 	C:\WINDOWS\SYSTEM32\IPHLPAPI.DLL
0x00007ff9e8a50000 - 0x00007ff9e8a5a000 	C:\WINDOWS\System32\NSI.dll
0x00007ff9d5380000 - 0x00007ff9d5389000 	C:\Program Files\Android\Android Studio\jbr\bin\extnet.dll
0x00007ff9e7270000 - 0x00007ff9e728b000 	C:\WINDOWS\SYSTEM32\CRYPTSP.dll
0x00007ff9e6890000 - 0x00007ff9e68ca000 	C:\WINDOWS\system32\rsaenh.dll
0x00007ff9e6f30000 - 0x00007ff9e6f5b000 	C:\WINDOWS\SYSTEM32\USERENV.dll
0x00007ff9e7aa0000 - 0x00007ff9e7aca000 	C:\WINDOWS\SYSTEM32\bcrypt.dll
0x00007ff9e70d0000 - 0x00007ff9e70dc000 	C:\WINDOWS\SYSTEM32\CRYPTBASE.dll
0x00007ff9bd5d0000 - 0x00007ff9bd5d8000 	C:\WINDOWS\system32\wshunix.dll

JVMTI agents:
C:\Users\carvi\.gradle\wrapper\dists\gradle-8.13-bin\5xuhj0ry160q40clulazy9h7d\gradle-8.13\lib\agents\gradle-instrumentation-agent-8.13.jar path:C:\Program Files\Android\Android Studio\jbr\bin\instrument.dll, loaded, initialized, instrumentlib options:none

dbghelp: loaded successfully - version: 4.0.5 - missing functions: none
symbol engine: initialized successfully - sym options: 0x614 - pdb path: .;C:\Program Files\Android\Android Studio\jbr\bin;C:\WINDOWS\SYSTEM32;C:\WINDOWS\WinSxS\amd64_microsoft.windows.common-controls_6595b64144ccf1df_6.0.26100.7019_none_3e06ffa0e335b8a8;C:\Program Files\Android\Android Studio\jbr\bin\server;C:\Users\carvi\.gradle\native\1def1411415f61bf3af743bc5b6707747c0891f09f0c88961ee8f79bc544acac\windows-amd64;C:\Users\carvi\.gradle\native\0.2.7\x86_64-windows-gnu

VM Arguments:
jvm_args: --add-opens=java.base/java.lang=ALL-UNNAMED --add-opens=java.base/java.lang.invoke=ALL-UNNAMED --add-opens=java.base/java.util=ALL-UNNAMED --add-opens=java.prefs/java.util.prefs=ALL-UNNAMED --add-exports=jdk.compiler/com.sun.tools.javac.api=ALL-UNNAMED --add-exports=jdk.compiler/com.sun.tools.javac.util=ALL-UNNAMED --add-opens=java.base/java.util=ALL-UNNAMED --add-opens=java.prefs/java.util.prefs=ALL-UNNAMED --add-opens=java.base/java.nio.charset=ALL-UNNAMED --add-opens=java.base/java.net=ALL-UNNAMED --add-opens=java.base/java.util.concurrent.atomic=ALL-UNNAMED --add-opens=java.xml/javax.xml.namespace=ALL-UNNAMED -Xmx2048m -Dfile.encoding=UTF-8 -Duser.country=US -Duser.language=en -Duser.variant -javaagent:C:\Users\carvi\.gradle\wrapper\dists\gradle-8.13-bin\5xuhj0ry160q40clulazy9h7d\gradle-8.13\lib\agents\gradle-instrumentation-agent-8.13.jar 
java_command: org.gradle.launcher.daemon.bootstrap.GradleDaemon 8.13
java_class_path (initial): C:\Users\carvi\.gradle\wrapper\dists\gradle-8.13-bin\5xuhj0ry160q40clulazy9h7d\gradle-8.13\lib\gradle-daemon-main-8.13.jar
Launcher Type: SUN_STANDARD

[Global flags]
     intx CICompilerCount                          = 12                                        {product} {ergonomic}
     uint ConcGCThreads                            = 4                                         {product} {ergonomic}
     uint G1ConcRefinementThreads                  = 15                                        {product} {ergonomic}
   size_t G1HeapRegionSize                         = 1048576                                   {product} {ergonomic}
    uintx GCDrainStackTargetSize                   = 64                                        {product} {ergonomic}
   size_t InitialHeapSize                          = 534773760                                 {product} {ergonomic}
   size_t MarkStackSize                            = 4194304                                   {product} {ergonomic}
   size_t MaxHeapSize                              = 2147483648                                {product} {command line}
   size_t MaxNewSize                               = 1287651328                                {product} {ergonomic}
   size_t MinHeapDeltaBytes                        = 1048576                                   {product} {ergonomic}
   size_t MinHeapSize                              = 8388608                                   {product} {ergonomic}
    uintx NonNMethodCodeHeapSize                   = 7602480                                {pd product} {ergonomic}
    uintx NonProfiledCodeHeapSize                  = 122027880                              {pd product} {ergonomic}
    uintx ProfiledCodeHeapSize                     = 122027880                              {pd product} {ergonomic}
    uintx ReservedCodeCacheSize                    = 251658240                              {pd product} {ergonomic}
     bool SegmentedCodeCache                       = true                                      {product} {ergonomic}
   size_t SoftMaxHeapSize                          = 2147483648                             {manageable} {ergonomic}
     bool UseCompressedOops                        = true                           {product lp64_product} {ergonomic}
     bool UseG1GC                                  = true                                      {product} {ergonomic}
     bool UseLargePagesIndividualAllocation        = false                                  {pd product} {ergonomic}

Logging:
Log output configuration:
 #0: stdout all=warning uptime,level,tags foldmultilines=false
 #1: stderr all=off uptime,level,tags foldmultilines=false

Environment Variables:
PATH=C:\Program Files\Oculus\Support\oculus-runtime;C:\Program Files\Common Files\Oracle\Java\javapath;C:\WINDOWS\system32;C:\WINDOWS;C:\WINDOWS\System32\Wbem;C:\WINDOWS\System32\WindowsPowerShell\v1.0\;C:\WINDOWS\System32\OpenSSH\;C:\Program Files\dotnet\;C:\Program Files\nodejs\;C:\ProgramData\chocolatey\bin;C:\Program Files (x86)\Microsoft SQL Server\160\Tools\Binn\;C:\Program Files\Microsoft SQL Server\160\Tools\Binn\;C:\Program Files\Microsoft SQL Server\Client SDK\ODBC\170\Tools\Binn\;C:\Program Files\Microsoft SQL Server\160\DTS\Binn\;C:\Program Files (x86)\Microsoft SQL Server\160\DTS\Binn\;C:\Program Files\NVIDIA Corporation\NVIDIA app\NvDLISR;C:\Program Files (x86)\NVIDIA Corporation\PhysX\Common;C:\Program Files (x86)\cloudflared\;C:\Program Files\Git\cmd;C:\Program Files\cursor\resources\app\bin;c:\Users\carvi\AppData\Local\Programs\Trae\bin;C:\Users\carvi\AppData\Local\Programs\Python\Python313\Scripts\;C:\Users\carvi\AppData\Local\Programs\Python\Python313\;C:\Users\carvi\AppData\Local\Programs\Python\Launcher\;C:\Users\carvi\AppData\Local\Microsoft\WindowsApps;C:\Users\carvi\AppData\Local\Programs\Microsoft VS Code\bin;C:\Users\carvi\AppData\Roaming\npm;C:\Program Files\sf\bin;C:\Users\carvi\AppData\Local\Programs\Antigravity\bin
USERNAME=carvi
OS=Windows_NT
PROCESSOR_IDENTIFIER=Intel64 Family 6 Model 151 Stepping 2, GenuineIntel
TMP=C:\Users\carvi\AppData\Local\Temp
TEMP=C:\Users\carvi\AppData\Local\Temp




Periodic native trim disabled

JNI global refs:
JNI global refs: 34, weak refs: 1

JNI global refs memory usage: 835, weak refs: 833

Process memory usage:
Resident Set Size: 308184K (0% of 33363384K total physical memory with 2829912K free physical memory)

OOME stack traces (most recent first):
Classloader memory used:
Loader org.gradle.internal.classloader.VisitableURLClassLoader                         : 36120K
Loader bootstrap                                                                       : 23023K
Loader org.gradle.initialization.MixInLegacyTypesClassLoader                           : 8904K
Loader jdk.internal.loader.ClassLoaders$PlatformClassLoader                            : 516K
Loader jdk.internal.loader.ClassLoaders$AppClassLoader                                 : 235K
Loader org.gradle.groovy.scripts.internal.DefaultScriptCompilationHandler$ScriptClassLoader: 100480B
Loader org.gradle.internal.classloader.VisitableURLClassLoader                         : 99936B
Loader jdk.internal.reflect.DelegatingClassLoader                                      : 72696B
Loader org.gradle.internal.classloader.VisitableURLClassLoader$InstrumentingVisitableURLClassLoader: 18552B
Loader org.codehaus.groovy.runtime.callsite.CallSiteClassLoader                        : 10176B

Classes loaded by more than one classloader:
Class org.gradle.internal.classloader.FilteringClassLoader                            : loaded 2 times (x 105B)
Class org.gradle.internal.classloader.ClassLoaderHierarchy                            : loaded 2 times (x 70B)
Class org.gradle.api.internal.classpath.ManifestUtil                                  : loaded 2 times (x 71B)
Class ijJvmDebugger1_4214zbe8nhoziphi89r7dacmg$_run_closure1                          : loaded 2 times (x 139B)
Class org.gradle.internal.classloader.DefaultClassLoaderFactory                       : loaded 2 times (x 82B)
Class org.gradle.internal.classloader.ClassLoaderVisitor                              : loaded 2 times (x 76B)
Class org.gradle.api.internal.classpath.EffectiveClassPath                            : loaded 2 times (x 90B)
Class org.gradle.api.internal.DefaultClassPathProvider                                : loaded 2 times (x 76B)
Class [Lorg.gradle.api.internal.ClassPathProvider;                                    : loaded 2 times (x 69B)
Class org.gradle.api.internal.ClassPathProvider                                       : loaded 2 times (x 70B)
Class org.gradle.internal.service.UnknownServiceException                             : loaded 2 times (x 83B)
Class org.gradle.internal.classpath.TransformedClassPath                              : loaded 2 times (x 96B)
Class org.gradle.internal.classloader.InstrumentingClassLoader                        : loaded 2 times (x 70B)
Class org.gradle.internal.service.ServiceLocator                                      : loaded 2 times (x 70B)
Class Settings_gradle$1$1$1$1                                                         : loaded 2 times (x 75B)
Class org.gradle.internal.InternalTransformer                                         : loaded 2 times (x 70B)
Class org.gradle.internal.classloader.ClasspathUtil$1                                 : loaded 2 times (x 76B)
Class org.gradle.api.internal.classpath.DefaultModuleRegistry$DefaultModule           : loaded 2 times (x 86B)
Class org.gradle.api.internal.classpath.Module                                        : loaded 2 times (x 70B)
Class org.gradle.api.internal.classpath.UnknownModuleException                        : loaded 2 times (x 82B)
Class org.gradle.api.internal.DefaultClassPathRegistry                                : loaded 2 times (x 76B)
Class org.gradle.api.internal.ClassPathRegistry                                       : loaded 2 times (x 70B)
Class org.gradle.internal.classpath.DefaultClassPath$ImmutableUniqueList              : loaded 2 times (x 199B)
Class Settings_gradle$1                                                               : loaded 2 times (x 75B)
Class Program                                                                         : loaded 2 times (x 72B)
Class org.gradle.internal.classpath.ClassPath                                         : loaded 2 times (x 70B)
Class org.gradle.api.UncheckedIOException                                             : loaded 2 times (x 82B)
Class org.gradle.internal.installation.GradleInstallation$1                           : loaded 2 times (x 75B)
Class org.gradle.api.internal.classpath.ModuleRegistry                                : loaded 2 times (x 70B)
Class org.gradle.api.internal.classpath.DefaultModuleRegistry                         : loaded 2 times (x 86B)
Class org.gradle.internal.service.ServiceLookupException                              : loaded 2 times (x 82B)
Class org.gradle.internal.classloader.ClassLoaderFactory                              : loaded 2 times (x 70B)
Class org.gradle.internal.service.CachingServiceLocator                               : loaded 2 times (x 82B)
Class ijKotlinCoroutineJvmDebugInit1_45kijy218k12yk01l0b9zo0nt$_run_closure1          : loaded 2 times (x 139B)
Class ijKotlinCoroutineJvmDebugInit1_45kijy218k12yk01l0b9zo0nt                        : loaded 2 times (x 179B)
Class org.gradle.internal.classloader.ClasspathUtil                                   : loaded 2 times (x 71B)
Class org.gradle.api.specs.Spec                                                       : loaded 2 times (x 70B)
Class ijJvmDebugger1_4214zbe8nhoziphi89r7dacmg                                        : loaded 2 times (x 179B)
Class org.gradle.internal.classloader.VisitableURLClassLoader$InstrumentingVisitableURLClassLoader: loaded 2 times (x 123B)
Class org.gradle.internal.classloader.VisitableURLClassLoader$Spec                    : loaded 2 times (x 74B)
Class org.gradle.internal.classpath.DefaultClassPath                                  : loaded 2 times (x 90B)
Class org.gradle.internal.classloader.ClassLoaderSpec                                 : loaded 2 times (x 71B)
Class Settings_gradle$1$1                                                             : loaded 2 times (x 75B)
Class org.gradle.internal.classloader.VisitableURLClassLoader                         : loaded 2 times (x 117B)
Class Settings_gradle                                                                 : loaded 2 times (x 128B)
Class org.gradle.internal.Cast                                                        : loaded 2 times (x 71B)
Class org.gradle.api.Action                                                           : loaded 2 times (x 70B)
Class org.gradle.internal.classpath.DefaultClassPath$ImmutableUniqueList$Builder      : loaded 2 times (x 75B)
Class org.gradle.api.GradleException                                                  : loaded 2 times (x 82B)
Class org.gradle.internal.IoActions                                                   : loaded 2 times (x 71B)
Class org.gradle.internal.classloader.SystemClassLoaderSpec                           : loaded 2 times (x 71B)
Class org.gradle.api.internal.classpath.GlobalCacheRootsProvider                      : loaded 2 times (x 70B)
Class Settings_gradle$1$1$1                                                           : loaded 2 times (x 75B)
Class org.gradle.internal.installation.CurrentGradleInstallationLocator               : loaded 2 times (x 71B)
Class org.gradle.internal.service.DefaultServiceLocator                               : loaded 2 times (x 83B)
Class org.gradle.internal.installation.CurrentGradleInstallation                      : loaded 2 times (x 73B)
Class org.gradle.util.internal.GUtil                                                  : loaded 2 times (x 71B)
Class org.gradle.internal.installation.GradleInstallation                             : loaded 2 times (x 75B)

---------------  S Y S T E M  ---------------

OS:
 Windows 11 , 64 bit Build 26100 (10.0.26100.7019)
OS uptime: 2 days 8:46 hours
Hyper-V role detected

CPU: total 20 (initial active 20) (10 cores per cpu, 2 threads per core) family 6 model 151 stepping 2 microcode 0x15, cx8, cmov, fxsr, ht, mmx, 3dnowpref, sse, sse2, sse3, ssse3, sse4.1, sse4.2, popcnt, lzcnt, tsc, tscinvbit, avx, avx2, aes, erms, clmul, bmi1, bmi2, adx, sha, fma, vzeroupper, clflush, clflushopt, clwb, hv, serialize, rdtscp, rdpid, fsrm, f16c, cet_ibt, cet_ss
Processor Information for processor 0
  Max Mhz: 3610, Current Mhz: 3610, Mhz Limit: 3610
Processor Information for processor 1
  Max Mhz: 3610, Current Mhz: 3610, Mhz Limit: 3610
Processor Information for processor 2
  Max Mhz: 3610, Current Mhz: 3610, Mhz Limit: 3610
Processor Information for processor 3
  Max Mhz: 3610, Current Mhz: 3610, Mhz Limit: 3610
Processor Information for processor 4
  Max Mhz: 3610, Current Mhz: 3610, Mhz Limit: 3610
Processor Information for processor 5
  Max Mhz: 3610, Current Mhz: 3610, Mhz Limit: 3610
Processor Information for processor 6
  Max Mhz: 3610, Current Mhz: 3610, Mhz Limit: 3610
Processor Information for processor 7
  Max Mhz: 3610, Current Mhz: 3610, Mhz Limit: 3610
Processor Information for processor 8
  Max Mhz: 3610, Current Mhz: 3610, Mhz Limit: 3610
Processor Information for processor 9
  Max Mhz: 3610, Current Mhz: 3610, Mhz Limit: 3610
Processor Information for processor 10
  Max Mhz: 3610, Current Mhz: 3610, Mhz Limit: 3610
Processor Information for processor 11
  Max Mhz: 3610, Current Mhz: 3610, Mhz Limit: 3610
Processor Information for processor 12
  Max Mhz: 3610, Current Mhz: 3610, Mhz Limit: 3610
Processor Information for processor 13
  Max Mhz: 3610, Current Mhz: 3610, Mhz Limit: 3610
Processor Information for processor 14
  Max Mhz: 3610, Current Mhz: 3610, Mhz Limit: 3610
Processor Information for processor 15
  Max Mhz: 3610, Current Mhz: 3610, Mhz Limit: 3610
Processor Information for processor 16
  Max Mhz: 3610, Current Mhz: 2707, Mhz Limit: 2707
Processor Information for processor 17
  Max Mhz: 3610, Current Mhz: 2707, Mhz Limit: 2707
Processor Information for processor 18
  Max Mhz: 3610, Current Mhz: 2707, Mhz Limit: 2707
Processor Information for processor 19
  Max Mhz: 3610, Current Mhz: 2707, Mhz Limit: 2707

Memory: 4k page, system-wide physical 32581M (2711M free)
TotalPageFile size 48207M (AvailPageFile size 9M)
current process WorkingSet (physical memory assigned to process): 302M, peak: 302M
current process commit charge ("private bytes"): 355M, peak: 661M

vm_info: OpenJDK 64-Bit Server VM (21.0.8+-14196175-b1038.72) for windows-amd64 JRE (21.0.8+-14196175-b1038.72), built on 2025-10-01T10:24:33Z by "builder" with MS VC++ 16.10 / 16.11 (VS2019)

END.
